******************************************************************************
             TMS320C2000 Linker PC v18.12.4                    
******************************************************************************
>> Linked Thu Feb 13 14:32:47 2020

OUTPUT FILE NAME:   <POSITION.out>
ENTRY POINT SYMBOL: "_c_int00"  address: 00083016


MEMORY CONFIGURATION

         name            origin    length      used     unused   attr    fill
----------------------  --------  ---------  --------  --------  ----  --------
PAGE 0:
  RAMM0                 00000122   000002de  00000000  000002de  RWIX
  RAMLS0                00008000   00000800  000000c7  00000739  RWIX
  RAMLS1                00008800   00000800  00000000  00000800  RWIX
  RAMLS2                00009000   00000800  00000000  00000800  RWIX
  RAMLS3                00009800   00000800  00000000  00000800  RWIX
  RAMLS4                0000a000   00000800  00000000  00000800  RWIX
  RAMD0                 0000b000   00000800  00000000  00000800  RWIX
  RAMGS14               0001a000   00001000  00000000  00001000  RWIX
  RAMGS15               0001b000   00000ff8  00000000  00000ff8  RWIX
  BEGIN                 00080000   00000002  00000000  00000002  RWIX
  FLASHA                00080002   00001ffe  00000000  00001ffe  RWIX
  FLASHB                00082000   00002000  0000109f  00000f61  RWIX
  FLASHC                00084000   00002000  00000000  00002000  RWIX
  FLASHD                00086000   00002000  000000c7  00001f39  RWIX
  FLASHE                00088000   00008000  00000000  00008000  RWIX
  FLASHF                00090000   00008000  00000000  00008000  RWIX
  FLASHG                00098000   00008000  00000000  00008000  RWIX
  FLASHH                000a0000   00008000  00000000  00008000  RWIX
  FLASHI                000a8000   00008000  00000000  00008000  RWIX
  FLASHJ                000b0000   00008000  00000000  00008000  RWIX
  FLASHK                000b8000   00002000  00000000  00002000  RWIX
  FLASHL                000ba000   00002000  00000000  00002000  RWIX
  FLASHM                000bc000   00002000  00000000  00002000  RWIX
  FLASHN                000be000   00001ff0  00000000  00001ff0  RWIX
  RESET                 003fffc0   00000002  00000000  00000002  RWIX

PAGE 1:
  BOOT_RSVD             00000002   00000121  00000000  00000121  RWIX
  RAMM1                 00000400   000003f8  00000200  000001f8  RWIX
  ADCA_RESULT           00000b00   00000020  00000000  00000020  RWIX
  ADCB_RESULT           00000b20   00000020  00000000  00000020  RWIX
  ADCC_RESULT           00000b40   00000020  00000000  00000020  RWIX
  ADCD_RESULT           00000b60   00000020  00000000  00000020  RWIX
  CPU_TIMER0            00000c00   00000008  00000000  00000008  RWIX
  CPU_TIMER1            00000c08   00000008  00000000  00000008  RWIX
  CPU_TIMER2            00000c10   00000008  00000000  00000008  RWIX
  PIE_CTRL              00000ce0   00000020  00000000  00000020  RWIX
  PIE_VECT              00000d00   00000200  00000000  00000200  RWIX
  DMA                   00001000   00000200  00000000  00000200  RWIX
  CLA1                  00001400   00000040  00000000  00000040  RWIX
  EPWM1                 00004000   00000100  00000000  00000100  RWIX
  EPWM2                 00004100   00000100  00000000  00000100  RWIX
  EPWM3                 00004200   00000100  00000000  00000100  RWIX
  EPWM4                 00004300   00000100  00000000  00000100  RWIX
  EPWM5                 00004400   00000100  00000000  00000100  RWIX
  EPWM6                 00004500   00000100  00000000  00000100  RWIX
  EPWM7                 00004600   00000100  00000000  00000100  RWIX
  EPWM8                 00004700   00000100  00000000  00000100  RWIX
  EPWM9                 00004800   00000100  00000000  00000100  RWIX
  EPWM10                00004900   00000100  00000000  00000100  RWIX
  EPWM11                00004a00   00000100  00000000  00000100  RWIX
  EPWM12                00004b00   00000100  00000000  00000100  RWIX
  ECAP1                 00005000   00000020  00000000  00000020  RWIX
  ECAP2                 00005020   00000020  00000000  00000020  RWIX
  ECAP3                 00005040   00000020  00000000  00000020  RWIX
  ECAP4                 00005060   00000020  00000000  00000020  RWIX
  ECAP5                 00005080   00000020  00000000  00000020  RWIX
  ECAP6                 000050a0   00000020  00000000  00000020  RWIX
  EQEP1                 00005100   00000040  00000000  00000040  RWIX
  EQEP2                 00005140   00000040  00000000  00000040  RWIX
  EQEP3                 00005180   00000040  00000000  00000040  RWIX
  DACA                  00005c00   00000010  00000000  00000010  RWIX
  DACB                  00005c10   00000010  00000000  00000010  RWIX
  DACC                  00005c20   00000010  00000000  00000010  RWIX
  CMPSS1                00005c80   00000020  00000000  00000020  RWIX
  CMPSS2                00005ca0   00000020  00000000  00000020  RWIX
  CMPSS3                00005cc0   00000020  00000000  00000020  RWIX
  CMPSS4                00005ce0   00000020  00000000  00000020  RWIX
  CMPSS5                00005d00   00000020  00000000  00000020  RWIX
  CMPSS6                00005d20   00000020  00000000  00000020  RWIX
  CMPSS7                00005d40   00000020  00000000  00000020  RWIX
  CMPSS8                00005d60   00000020  00000000  00000020  RWIX
  SDFM1                 00005e00   00000080  00000000  00000080  RWIX
  SDFM2                 00005e80   00000080  00000000  00000080  RWIX
  MCBSPA                00006000   00000040  00000000  00000040  RWIX
  MCBSPB                00006040   00000040  00000000  00000040  RWIX
  SPIA                  00006100   00000010  00000000  00000010  RWIX
  SPIB                  00006110   00000010  00000000  00000010  RWIX
  SPIC                  00006120   00000010  00000000  00000010  RWIX
  SPID                  00006130   00000010  00000000  00000010  RWIX
  UPP                   00006200   00000100  00000000  00000100  RWIX
  WD                    00007000   00000040  00000000  00000040  RWIX
  NMIINTRUPT            00007060   00000010  00000000  00000010  RWIX
  XINT                  00007070   00000010  00000000  00000010  RWIX
  SCIA                  00007200   00000010  00000000  00000010  RWIX
  SCIB                  00007210   00000010  00000000  00000010  RWIX
  SCIC                  00007220   00000010  00000000  00000010  RWIX
  SCID                  00007230   00000010  00000000  00000010  RWIX
  I2CA                  00007300   00000040  00000000  00000040  RWIX
  I2CB                  00007340   00000040  00000000  00000040  RWIX
  ADCA                  00007400   00000080  00000000  00000080  RWIX
  ADCB                  00007480   00000080  00000000  00000080  RWIX
  ADCC                  00007500   00000080  00000000  00000080  RWIX
  ADCD                  00007580   00000080  00000000  00000080  RWIX
  INPUT_XBAR            00007900   00000020  00000000  00000020  RWIX
  XBAR                  00007920   00000020  00000000  00000020  RWIX
  SYNC_SOC              00007940   00000010  00000000  00000010  RWIX
  DMACLASRCSEL          00007980   00000040  00000000  00000040  RWIX
  EPWM_XBAR             00007a00   00000040  00000000  00000040  RWIX
  CLB_XBAR              00007a40   00000040  00000000  00000040  RWIX
  OUTPUT_XBAR           00007a80   00000040  00000000  00000040  RWIX
  GPIOCTRL              00007c00   00000180  00000000  00000180  RWIX
  GPIODAT               00007f00   00000030  00000000  00000030  RWIX
  RAMLS5                0000a800   00000800  00000032  000007ce  RWIX
  RAMD1                 0000b800   00000800  00000000  00000800  RWIX
  RAMGS0                0000c000   00001000  00000000  00001000  RWIX
  RAMGS1                0000d000   00001000  00000000  00001000  RWIX
  RAMGS2                0000e000   00001000  00000000  00001000  RWIX
  RAMGS3                0000f000   00001000  00000000  00001000  RWIX
  RAMGS4                00010000   00001000  00000000  00001000  RWIX
  RAMGS5                00011000   00001000  00000000  00001000  RWIX
  RAMGS6                00012000   00001000  00000000  00001000  RWIX
  RAMGS7                00013000   00001000  00000000  00001000  RWIX
  RAMGS8                00014000   00001000  00000000  00001000  RWIX
  RAMGS9                00015000   00001000  00000000  00001000  RWIX
  RAMGS10               00016000   00001000  00000000  00001000  RWIX
  RAMGS11               00017000   00001000  00000000  00001000  RWIX
  RAMGS12               00018000   00001000  00000000  00001000  RWIX
  RAMGS13               00019000   00001000  00000000  00001000  RWIX
  CPU2TOCPU1RAM         0003f800   00000400  00000000  00000400  RWIX
  CPU1TOCPU2RAM         0003fc00   00000400  00000000  00000400  RWIX
  EMIF1                 00047000   00000800  00000000  00000800  RWIX
  EMIF2                 00047800   00000800  00000000  00000800  RWIX
  CANA                  00048000   00000800  00000000  00000800  RWIX
  CANB                  0004a000   00000800  00000000  00000800  RWIX
  IPC                   00050000   00000024  00000000  00000024  RWIX
  FLASHPUMPSEMAPHORE    00050024   00000002  00000000  00000002  RWIX
  DEV_CFG               0005d000   00000180  00000000  00000180  RWIX
  ANALOG_SUBSYS         0005d180   00000080  00000000  00000080  RWIX
  CLK_CFG               0005d200   00000100  00000000  00000100  RWIX
  CPU_SYS               0005d300   00000100  00000000  00000100  RWIX
  ROMPREFETCH           0005e608   00000002  00000000  00000002  RWIX
  DCSM_Z1               0005f000   00000030  00000000  00000030  RWIX
  DCSM_Z2               0005f040   00000030  00000000  00000030  RWIX
  DCSM_COMMON           0005f070   00000010  00000000  00000010  RWIX
  MEMCFG                0005f400   00000080  00000000  00000080  RWIX
  EMIF1CONFIG           0005f480   00000020  00000000  00000020  RWIX
  EMIF2CONFIG           0005f4a0   00000020  00000000  00000020  RWIX
  ACCESSPROTECTION      0005f4c0   00000040  00000000  00000040  RWIX
  MEMORYERROR           0005f500   00000040  00000000  00000040  RWIX
  ROMWAITSTATE          0005f540   00000002  00000000  00000002  RWIX
  FLASH0_CTRL           0005f800   00000300  00000000  00000300  RWIX
  FLASH0_ECC            0005fb00   00000040  00000000  00000040  RWIX


SECTION ALLOCATION MAP

 output                                  attributes/
section   page    origin      length       input sections
--------  ----  ----------  ----------   ----------------
.cinit     0    00083078    00000028     
                  00083078    00000014     (.cinit..data.load) [load image, compression = lzss]
                  0008308c    00000006     (__TI_handler_table)
                  00083092    00000004     (.cinit..bss.load) [load image, compression = zero_init]
                  00083096    00000002     --HOLE-- [fill = 0]
                  00083098    00000008     (__TI_cinit_table)

.stack     1    00000400    00000200     UNINITIALIZED
                  00000400    00000200     --HOLE--

.reset     0    003fffc0    00000000     DSECT

.init_array 
*          0    00082000    00000000     UNINITIALIZED

.bss       1    0000a82a    00000008     UNINITIALIZED
                  0000a82a    00000008     main.obj (.bss)

.data      1    0000a800    0000002a     UNINITIALIZED
                  0000a800    0000001a     main.obj (.data)
                  0000a81a    00000006     device.obj (.data)
                  0000a820    00000006     rts2800_fpu32_eabi.lib : exit.c.obj (.data)
                  0000a826    00000002                            : _lock.c.obj (.data:_lock)
                  0000a828    00000002                            : _lock.c.obj (.data:_unlock)

.TI.ramfunc 
*          0    00086000    000000c7     RUN ADDR = 00008000
                  00086000    000000c3     flash.obj (.TI.ramfunc)
                  000860c3    00000004     sysctl.obj (.TI.ramfunc)

GETBUFFER 
*          0    0003f800    00000000     DSECT

GETWRITEIDX 
*          0    0003f800    00000000     DSECT

PUTREADIDX 
*          0    0003f800    00000000     DSECT

Cla1SoftIntRegsFile 
*          1    00000ce0    00000000     DSECT

.text      0    00082000    00001077     
                  00082000    000004ac     sysctl.obj (.text)
                  000824ac    0000022a     device.obj (.text)
                  000826d6    000001eb     gpio.obj (.text)
                  000828c1    0000019d     pwm.obj (.text)
                  00082a5e    00000187     interrupt.obj (.text)
                  00082be5    00000115     main.obj (.text)
                  00082cfa    000000e1     timer.obj (.text)
                  00082ddb    000000ae     encoder.obj (.text)
                  00082e89    00000088     rts2800_fpu32_eabi.lib : fs_div28.asm.obj (.text)
                  00082f11    00000063     main.obj (.text:retain)
                  00082f74    00000031     rts2800_fpu32_eabi.lib : copy_decompress_lzss.c.obj (.text:decompress:lzss)
                  00082fa5    0000002b                            : autoinit.c.obj (.text:__TI_auto_init_nobinit_nopinit)
                  00082fd0    00000029                            : exit.c.obj (.text)
                  00082ff9    0000001d                            : memcpy.c.obj (.text)
                  00083016    00000017                            : boot28.asm.obj (.text)
                  0008302d    00000013     flash.obj (.text)
                  00083040    0000000d     rts2800_fpu32_eabi.lib : copy_zero_init.c.obj (.text:decompress:ZI:__TI_zero_init_nomemset)
                  0008304d    0000000c                            : args_main.c.obj (.text)
                  00083059    0000000a     cputimer.obj (.text)
                  00083063    00000009     rts2800_fpu32_eabi.lib : _lock.c.obj (.text)
                  0008306c    00000008                            : copy_decompress_none.c.obj (.text:decompress:none)
                  00083074    00000002                            : pre_init.c.obj (.text)
                  00083076    00000001                            : startup.c.obj (.text)

MODULE SUMMARY

       Module                       code   ro data   rw data
       ------                       ----   -------   -------
    .\
       main.obj                     376    0         34     
    +--+----------------------------+------+---------+---------+
       Total:                       376    0         34     
                                                            
    .\DRIVER\
       sysctl.obj                   1204   0         0      
       device.obj                   554    0         6      
       gpio.obj                     491    0         0      
       flash.obj                    409    0         0      
       interrupt.obj                391    0         0      
       cputimer.obj                 10     0         0      
    +--+----------------------------+------+---------+---------+
       Total:                       3059   0         6      
                                                            
    .\ENCODER\
       encoder.obj                  174    0         0      
    +--+----------------------------+------+---------+---------+
       Total:                       174    0         0      
                                                            
    .\PWM\
       pwm.obj                      413    0         0      
    +--+----------------------------+------+---------+---------+
       Total:                       413    0         0      
                                                            
    .\TIMER\
       timer.obj                    225    0         0      
    +--+----------------------------+------+---------+---------+
       Total:                       225    0         0      
                                                            
    C:\ti\ccs930\ccs\tools\compiler\ti-cgt-c2000_18.12.4.LTS\lib\rts2800_fpu32_eabi.lib
       fs_div28.asm.obj             136    0         0      
       copy_decompress_lzss.c.obj   49     0         0      
       exit.c.obj                   41     0         6      
       autoinit.c.obj               43     0         0      
       memcpy.c.obj                 29     0         0      
       boot28.asm.obj               23     0         0      
       _lock.c.obj                  9      0         4      
       copy_zero_init.c.obj         13     0         0      
       args_main.c.obj              12     0         0      
       copy_decompress_none.c.obj   8      0         0      
       pre_init.c.obj               2      0         0      
       startup.c.obj                1      0         0      
    +--+----------------------------+------+---------+---------+
       Total:                       366    0         10     
                                                            
       Stack:                       0      0         512    
       Linker Generated:            0      38        0      
    +--+----------------------------+------+---------+---------+
       Grand Total:                 4613   38        562    


LINKER GENERATED COPY TABLES

__TI_cinit_table @ 00083098 records: 2, size/record: 4, table size: 8
	.data: load addr=00083078, load size=00000014 bytes, run addr=0000a800, run size=0000002a bytes, compression=lzss
	.bss: load addr=00083092, load size=00000004 bytes, run addr=0000a82a, run size=00000008 bytes, compression=zero_init


LINKER GENERATED HANDLER TABLE

__TI_handler_table @ 0008308c records: 3, size/record: 2, table size: 6
	index: 0, handler: __TI_zero_init
	index: 1, handler: __TI_decompress_lzss
	index: 2, handler: __TI_decompress_none


GLOBAL DATA SYMBOLS: SORTED BY DATA PAGE

address     data page           name
--------    ----------------    ----
00000400      10 (00000400)     __stack

0000a800     2a0 (0000a800)     PID_POSITION
0000a81a     2a0 (0000a800)     Example_Result
0000a81c     2a0 (0000a800)     Example_PassCount
0000a81e     2a0 (0000a800)     Example_Fail
0000a820     2a0 (0000a800)     __TI_enable_exit_profile_output
0000a822     2a0 (0000a800)     __TI_cleanup_ptr
0000a824     2a0 (0000a800)     __TI_dtors_ptr
0000a826     2a0 (0000a800)     _lock
0000a828     2a0 (0000a800)     _unlock
0000a82a     2a0 (0000a800)     speed
0000a82c     2a0 (0000a800)     setpoint
0000a82e     2a0 (0000a800)     output
0000a830     2a0 (0000a800)     position


GLOBAL SYMBOLS: SORTED ALPHABETICALLY BY Name 

page  address   name                                     
----  -------   ----                                     
0     00082fd0  C$$EXIT                                  
0     00083059  CPUTimer_setEmulationMode                
0     00082693  Device_configureTMXAnalogTrim            
0     00082537  Device_enableAllPeripherals              
0     0008267d  Device_enableUnbondedGPIOPullups         
0     0008265a  Device_enableUnbondedGPIOPullupsFor100Pin
0     00082643  Device_enableUnbondedGPIOPullupsFor176Pin
0     00082506  Device_init                              
0     00082622  Device_initGPIO                          
0     00082e21  EQEP1_Init                               
0     00082e55  EQEP2_Init                               
1     0000a81e  Example_Fail                             
1     0000a81c  Example_PassCount                        
1     0000a81a  Example_Result                           
0     000826d5  Example_done                             
0     000826d0  Example_setResultFail                    
0     000826cb  Example_setResultPass                    
0     0000808c  Flash_initModule                         
0     000080b3  Flash_powerDown                          
0     0008270a  GPIO_getDirectionMode                    
0     00082793  GPIO_getPadConfig                        
0     000827f3  GPIO_getQualificationMode                
0     00082862  GPIO_setAnalogMode                       
0     000826e3  GPIO_setDirectionMode                    
0     00082720  GPIO_setInterruptPin                     
0     00082836  GPIO_setMasterCore                       
0     0008274b  GPIO_setPadConfig                        
0     0008288a  GPIO_setPinConfig                        
0     000827c7  GPIO_setQualificationMode                
0     00082814  GPIO_setQualificationPeriod              
0     00082b9a  Interrupt_disable                        
0     00082b66  Interrupt_enable                         
0     00082b09  Interrupt_initModule                     
0     00082b46  Interrupt_initVectorTable                
1     0000a800  PID_POSITION                             
0     000829be  PWM1_Init                                
0     00082a38  PWM_Control                              
0     000860c7  RamfuncsLoadEnd                          
abs   000000c7  RamfuncsLoadSize                         
0     00086000  RamfuncsLoadStart                        
0     000080c7  RamfuncsRunEnd                           
abs   000000c7  RamfuncsRunSize                          
0     00008000  RamfuncsRunStart                         
0     000080c3  SysCtl_delay                             
0     00082065  SysCtl_getAuxClock                       
0     00082014  SysCtl_getClock                          
0     00082444  SysCtl_getDeviceParametric               
0     0008242a  SysCtl_getLowSpeedClock                  
0     000823fb  SysCtl_selectOscSource                   
0     000822ba  SysCtl_setAuxClock                       
0     000820a6  SysCtl_setClock                          
0     00082f11  TIMER0_IRQ                               
0     00082d37  TIMER0_Init                              
0     00082d52  TIMER1_Init                              
0     00082d6d  TIMER2_Init                              
0     00082d88  TIMER_Config                             
0     00083098  __TI_CINIT_Base                          
0     000830a0  __TI_CINIT_Limit                         
0     0008308c  __TI_Handler_Table_Base                  
0     00083092  __TI_Handler_Table_Limit                 
1     00000600  __TI_STACK_END                           
abs   00000200  __TI_STACK_SIZE                          
0     00082fa5  __TI_auto_init_nobinit_nopinit           
1     0000a822  __TI_cleanup_ptr                         
0     00082f74  __TI_decompress_lzss                     
0     0008306c  __TI_decompress_none                     
1     0000a824  __TI_dtors_ptr                           
1     0000a820  __TI_enable_exit_profile_output          
abs   ffffffff  __TI_pprof_out_hndl                      
abs   ffffffff  __TI_prof_data_size                      
abs   ffffffff  __TI_prof_data_start                     
0     00083040  __TI_zero_init_nomemset                  
0     00082e89  __c28xabi_divf                           
n/a   UNDEFED   __c_args__                               
0     000826c4  __error__                                
1     00000400  __stack                                  
0     0008304d  _args_main                               
0     00083016  _c_int00                                 
1     0000a826  _lock                                    
0     0008306b  _nop                                     
0     00083067  _register_lock                           
0     00083063  _register_unlock                         
0     00083076  _system_post_cinit                       
0     00083074  _system_pre_init                         
1     0000a828  _unlock                                  
0     00082fd0  abort                                    
0     00082fd2  exit                                     
0     00082cbd  main                                     
0     00082ff9  memcpy                                   
1     0000a82e  output                                   
1     0000a830  position                                 
1     0000a82c  setpoint                                 
1     0000a82a  speed                                    


GLOBAL SYMBOLS: SORTED BY Symbol Address 

page  address   name                                     
----  -------   ----                                     
0     00008000  RamfuncsRunStart                         
0     0000808c  Flash_initModule                         
0     000080b3  Flash_powerDown                          
0     000080c3  SysCtl_delay                             
0     000080c7  RamfuncsRunEnd                           
0     00082014  SysCtl_getClock                          
0     00082065  SysCtl_getAuxClock                       
0     000820a6  SysCtl_setClock                          
0     000822ba  SysCtl_setAuxClock                       
0     000823fb  SysCtl_selectOscSource                   
0     0008242a  SysCtl_getLowSpeedClock                  
0     00082444  SysCtl_getDeviceParametric               
0     00082506  Device_init                              
0     00082537  Device_enableAllPeripherals              
0     00082622  Device_initGPIO                          
0     00082643  Device_enableUnbondedGPIOPullupsFor176Pin
0     0008265a  Device_enableUnbondedGPIOPullupsFor100Pin
0     0008267d  Device_enableUnbondedGPIOPullups         
0     00082693  Device_configureTMXAnalogTrim            
0     000826c4  __error__                                
0     000826cb  Example_setResultPass                    
0     000826d0  Example_setResultFail                    
0     000826d5  Example_done                             
0     000826e3  GPIO_setDirectionMode                    
0     0008270a  GPIO_getDirectionMode                    
0     00082720  GPIO_setInterruptPin                     
0     0008274b  GPIO_setPadConfig                        
0     00082793  GPIO_getPadConfig                        
0     000827c7  GPIO_setQualificationMode                
0     000827f3  GPIO_getQualificationMode                
0     00082814  GPIO_setQualificationPeriod              
0     00082836  GPIO_setMasterCore                       
0     00082862  GPIO_setAnalogMode                       
0     0008288a  GPIO_setPinConfig                        
0     000829be  PWM1_Init                                
0     00082a38  PWM_Control                              
0     00082b09  Interrupt_initModule                     
0     00082b46  Interrupt_initVectorTable                
0     00082b66  Interrupt_enable                         
0     00082b9a  Interrupt_disable                        
0     00082cbd  main                                     
0     00082d37  TIMER0_Init                              
0     00082d52  TIMER1_Init                              
0     00082d6d  TIMER2_Init                              
0     00082d88  TIMER_Config                             
0     00082e21  EQEP1_Init                               
0     00082e55  EQEP2_Init                               
0     00082e89  __c28xabi_divf                           
0     00082f11  TIMER0_IRQ                               
0     00082f74  __TI_decompress_lzss                     
0     00082fa5  __TI_auto_init_nobinit_nopinit           
0     00082fd0  C$$EXIT                                  
0     00082fd0  abort                                    
0     00082fd2  exit                                     
0     00082ff9  memcpy                                   
0     00083016  _c_int00                                 
0     00083040  __TI_zero_init_nomemset                  
0     0008304d  _args_main                               
0     00083059  CPUTimer_setEmulationMode                
0     00083063  _register_unlock                         
0     00083067  _register_lock                           
0     0008306b  _nop                                     
0     0008306c  __TI_decompress_none                     
0     00083074  _system_pre_init                         
0     00083076  _system_post_cinit                       
0     0008308c  __TI_Handler_Table_Base                  
0     00083092  __TI_Handler_Table_Limit                 
0     00083098  __TI_CINIT_Base                          
0     000830a0  __TI_CINIT_Limit                         
0     00086000  RamfuncsLoadStart                        
0     000860c7  RamfuncsLoadEnd                          
1     00000400  __stack                                  
1     00000600  __TI_STACK_END                           
1     0000a800  PID_POSITION                             
1     0000a81a  Example_Result                           
1     0000a81c  Example_PassCount                        
1     0000a81e  Example_Fail                             
1     0000a820  __TI_enable_exit_profile_output          
1     0000a822  __TI_cleanup_ptr                         
1     0000a824  __TI_dtors_ptr                           
1     0000a826  _lock                                    
1     0000a828  _unlock                                  
1     0000a82a  speed                                    
1     0000a82c  setpoint                                 
1     0000a82e  output                                   
1     0000a830  position                                 
abs   000000c7  RamfuncsLoadSize                         
abs   000000c7  RamfuncsRunSize                          
abs   00000200  __TI_STACK_SIZE                          
abs   ffffffff  __TI_pprof_out_hndl                      
abs   ffffffff  __TI_prof_data_size                      
abs   ffffffff  __TI_prof_data_start                     
n/a   UNDEFED   __c_args__                               

[93 symbols]
